[debug] [2026-07-31T00:15:30.601Z] ----------------------------------------------------------------------
[debug] [2026-07-31T00:15:30.604Z] Command:       /Users/caiquecoelho/.nvm/versions/node/v22.22.0/bin/node /opt/homebrew/bin/firebase deploy
[debug] [2026-07-31T00:15:30.604Z] CLI Version:   14.26.0
[debug] [2026-07-31T00:15:30.604Z] Platform:      darwin
[debug] [2026-07-31T00:15:30.604Z] Node Version:  v22.22.0
[debug] [2026-07-31T00:15:30.604Z] Time:          Thu Jul 30 2026 21:15:30 GMT-0300 (Brasilia Standard Time)
[debug] [2026-07-31T00:15:30.604Z] ----------------------------------------------------------------------
[debug] 
[debug] [2026-07-31T00:15:30.729Z] > command requires scopes: ["email","openid","https://www.googleapis.com/auth/cloudplatformprojects.readonly","https://www.googleapis.com/auth/firebase","https://www.googleapis.com/auth/cloud-platform"]
[debug] [2026-07-31T00:15:30.730Z] > authorizing via signed-in user (caiquedpfc@gmail.com)
[debug] [2026-07-31T00:15:30.730Z] [iam] checking project dosediarianews for permissions ["firebase.projects.get","firebasehosting.sites.update"]
[debug] [2026-07-31T00:15:30.730Z] Checked if tokens are valid: true, expires at: 1785459717524
[debug] [2026-07-31T00:15:30.731Z] Checked if tokens are valid: true, expires at: 1785459717524
[debug] [2026-07-31T00:15:30.731Z] >>> [apiv2][query] POST https://cloudresourcemanager.googleapis.com/v1/projects/dosediarianews:testIamPermissions [none]
[debug] [2026-07-31T00:15:30.731Z] >>> [apiv2][(partial)header] POST https://cloudresourcemanager.googleapis.com/v1/projects/dosediarianews:testIamPermissions x-goog-quota-user=projects/dosediarianews
[debug] [2026-07-31T00:15:30.731Z] >>> [apiv2][body] POST https://cloudresourcemanager.googleapis.com/v1/projects/dosediarianews:testIamPermissions {"permissions":["firebase.projects.get","firebasehosting.sites.update"]}
[debug] [2026-07-31T00:15:31.638Z] <<< [apiv2][status] POST https://cloudresourcemanager.googleapis.com/v1/projects/dosediarianews:testIamPermissions 200
[debug] [2026-07-31T00:15:31.638Z] <<< [apiv2][body] POST https://cloudresourcemanager.googleapis.com/v1/projects/dosediarianews:testIamPermissions {"permissions":["firebase.projects.get","firebasehosting.sites.update"]}
[debug] [2026-07-31T00:15:31.638Z] Checked if tokens are valid: true, expires at: 1785459717524
[debug] [2026-07-31T00:15:31.639Z] Checked if tokens are valid: true, expires at: 1785459717524
[debug] [2026-07-31T00:15:31.639Z] >>> [apiv2][query] GET https://firebase.googleapis.com/v1beta1/projects/dosediarianews [none]
[debug] [2026-07-31T00:15:32.053Z] <<< [apiv2][status] GET https://firebase.googleapis.com/v1beta1/projects/dosediarianews 200
[debug] [2026-07-31T00:15:32.054Z] <<< [apiv2][body] GET https://firebase.googleapis.com/v1beta1/projects/dosediarianews {"projectId":"dosediarianews","projectNumber":"522645316167","displayName":"Runnly","name":"projects/dosediarianews","resources":{"hostingSite":"dosediarianews","realtimeDatabaseInstance":"dosediarianews-default-rtdb"},"state":"ACTIVE","labels":{"firebase":"enabled"},"etag":"1_563f6838-e46a-4b3a-b106-827f12b292d6"}
[info] 
[info] === Deploying to 'dosediarianews'...
[info] 
[info] i  deploying hosting 
[debug] [2026-07-31T00:15:32.057Z] Checked if tokens are valid: true, expires at: 1785459717524
[debug] [2026-07-31T00:15:32.057Z] Checked if tokens are valid: true, expires at: 1785459717524
[debug] [2026-07-31T00:15:32.057Z] >>> [apiv2][query] POST https://firebasehosting.googleapis.com/v1beta1/projects/-/sites/oidc-issuer/versions [none]
[debug] [2026-07-31T00:15:32.057Z] >>> [apiv2][body] POST https://firebasehosting.googleapis.com/v1beta1/projects/-/sites/oidc-issuer/versions {"status":"CREATED","labels":{"deployment-tool":"cli-firebase"}}
[debug] [2026-07-31T00:15:35.586Z] <<< [apiv2][status] POST https://firebasehosting.googleapis.com/v1beta1/projects/-/sites/oidc-issuer/versions 200
